// Jest Snapshot v1, https://goo.gl/fbAQLP

exports[`<RequestReset/> renders and matches snapshot 1`] = `
<div>
  <form
    class="Form-sc-1xszr8q-0 hVEEdl"
    method="Post"
  >
    <h2>
      Request Password Reset
    </h2>
    <fieldset
      aria-busy="false"
    >
      <label
        for="email"
      >
        Email
        <input
          autocomplete="email"
          id="email"
          name="email"
          placeholder="Email"
          type="email"
          value=""
        />
      </label>
      <button
        type="submit"
      >
        Request Reset
      </button>
    </fieldset>
  </form>
</div>
`;
